// Jest Snapshot v1, https://goo.gl/fbAQLP

exports[`<Button /> should work 1`] = `
<div>
  <button
    class="MuiButtonBase-root MuiButton-root MuiButton-contained MyButton-root-1 MuiButton-containedPrimary"
    tabindex="0"
    type="button"
  >
    <span
      class="MuiButton-label"
    >
      Hello World
    </span>
    <span
      class="MuiTouchRipple-root"
    />
  </button>
</div>
`;
